// Jest Snapshot v1, https://goo.gl/fbAQLP

exports[`CheckOutStepTwo should render correctly with default props 1`] = `
<div
  className="page_wrapper"
  id="page_wrapper"
>
  <div
    id="contents_wrapper"
  >
    <HeaderContainer
      secondaryTitle="Checkout: Complete!"
    />
    <div
      className="checkout_complete_container"
      data-test="checkout-complete-container"
      id="checkout_complete_container"
    >
      <img
        alt="Pony Express"
        className="pony_express"
        data-test="pony-express"
        src="test-file-stub"
      />
      <h2
        className="complete-header"
        data-test="complete-header"
      >
        Thank you for your order!
      </h2>
      <div
        className="complete-text"
        data-test="complete-text"
      >
        Your order has been dispatched, and will arrive just as fast as the pony can get there!
      </div>
      <Button
        label="Back Home"
        onClick={[Function]}
        size="small"
        testId="back-to-products"
        type="primary"
      />
    </div>
  </div>
  <SwagLabsFooter />
</div>
`;
