// Jest Snapshot v1, https://goo.gl/fbAQLP

exports[`InventoryListItem should render with default props 1`] = `
<div
  className="cart_item"
  data-test="inventory-item"
>
  <div
    className="cart_quantity"
    data-test="item-quantity"
  >
    1
  </div>
  <div
    className="cart_item_label"
  >
    <a
      data-test="item-1-title-link"
      href="#"
      id="item_1_title_link"
      onClick={[Function]}
    >
      <div
        className="inventory_item_name"
        data-test="inventory-item-name"
      >
        Swag Item name
      </div>
    </a>
    <div
      className="inventory_item_desc"
      data-test="inventory-item-desc"
    >
      Swag Item description
    </div>
    <div
      className="item_pricebar"
    >
      <div
        className="inventory_item_price"
        data-test="inventory-item-price"
      >
        $
        9.99
      </div>
      <Button
        customClass="cart_button"
        label="Remove"
        onClick={[Function]}
        size="small"
        testId="remove-swag-item-name"
        type="secondary"
      />
    </div>
  </div>
</div>
`;

exports[`InventoryListItem should render with no item 1`] = `
<div
  className="removed_cart_item"
/>
`;
